// Jest Snapshot v1, https://goo.gl/fbAQLP

exports[`App renders correctly 1`] = `
<DocumentFragment>
  <div
    class="App"
  >
    <img
      alt="nasaLogo"
      class="nasa-logo"
      src="https://cdn.cnn.com/cnnnext/dam/assets/200424060716-nasa-worm-logo.jpg"
    />
    <div
      class="Search"
    >
      <form
        class="search-form"
      >
        <input
          class="search-input"
          type="text"
        />
         
        <br />
         
        <br />
        <button
          class="search-b"
          type="submit"
        >
          Search
        </button>
      </form>
    </div>
    <br />
    <br />
    <p>
      We've searched the entirity of an ever expanding universe and found 0 results!
    </p>
  </div>
</DocumentFragment>
`;
